
node.exe : 
At line:1 char:1
+ & "C:\Program Files\nodejs/node.exe" "C:\Program Files\nodejs/node_mo ...
+ ~~~~~~~~~~~~~~~~~~~~~~~~~~~~~~~~~~~~~~~~~~~~~~~~~~~~~~~~~~~~~~~~~~~~~
    + CategoryInfo          : NotSpecified: (:String) [], RemoteException
    + FullyQualifiedErrorId : NativeCommandError
 
DevTools listening on ws://127.0.0.1:49821/devtools/browser/de3d8668-8ab8-4f47-a177-cbd9587f45e4
Cypress could not verify that this server is running:

  > http://localhost:5173

We are verifying this server because it has been configured as your baseUrl.

Cypress automatically waits until your server is accessible before running tests.

We will try connecting to it 3 more times...
We will try connecting to it 2 more times...
We will try connecting to it 1 more time...

Cypress failed to verify that your server is running.

Please start this server and then run Cypress again.
